../Drivers/CMSIS/Include/core_cm0plus.h:741:22:__NVIC_EnableIRQ	2
../Drivers/CMSIS/Include/core_cm0plus.h:848:22:__NVIC_SetPriority	2
../Drivers/STM32L0xx_HAL_Driver/Inc/stm32l0xx_ll_adc.h:1737:22:LL_ADC_SetCommonFrequencyMode	1
../Drivers/STM32L0xx_HAL_Driver/Inc/stm32l0xx_ll_adc.h:2153:22:LL_ADC_SetSamplingTimeCommonChannels	1
../Drivers/STM32L0xx_HAL_Driver/Inc/stm32l0xx_ll_adc.h:2341:22:LL_ADC_REG_SetSequencerScanDirection	1
../Drivers/STM32L0xx_HAL_Driver/Inc/stm32l0xx_ll_adc.h:2547:22:LL_ADC_REG_SetSequencerChAdd	1
../Drivers/STM32L0xx_HAL_Driver/Inc/stm32l0xx_ll_adc.h:3137:22:LL_ADC_SetOverSamplingScope	1
../Drivers/STM32L0xx_HAL_Driver/Inc/stm32l0xx_ll_adc.h:3305:22:LL_ADC_EnableInternalRegulator	1
../Drivers/STM32L0xx_HAL_Driver/Inc/stm32l0xx_ll_adc.h:3879:22:LL_ADC_DisableIT_EOC	1
../Drivers/STM32L0xx_HAL_Driver/Inc/stm32l0xx_ll_adc.h:3890:22:LL_ADC_DisableIT_EOS	1
../Drivers/STM32L0xx_HAL_Driver/Inc/stm32l0xx_ll_rcc.h:780:22:LL_RCC_HSI_Enable	1
../Drivers/STM32L0xx_HAL_Driver/Inc/stm32l0xx_ll_rcc.h:800:26:LL_RCC_HSI_IsReady	2
../Drivers/STM32L0xx_HAL_Driver/Inc/stm32l0xx_ll_rcc.h:891:22:LL_RCC_HSI_SetCalibTrimming	1
../Drivers/STM32L0xx_HAL_Driver/Inc/stm32l0xx_ll_rcc.h:1273:22:LL_RCC_SetSysClkSource	1
../Drivers/STM32L0xx_HAL_Driver/Inc/stm32l0xx_ll_rcc.h:1287:26:LL_RCC_GetSysClkSource	1
../Drivers/STM32L0xx_HAL_Driver/Inc/stm32l0xx_ll_rcc.h:1307:22:LL_RCC_SetAHBPrescaler	1
../Drivers/STM32L0xx_HAL_Driver/Inc/stm32l0xx_ll_rcc.h:1323:22:LL_RCC_SetAPB1Prescaler	1
../Drivers/STM32L0xx_HAL_Driver/Inc/stm32l0xx_ll_rcc.h:1339:22:LL_RCC_SetAPB2Prescaler	1
../Drivers/STM32L0xx_HAL_Driver/Inc/stm32l0xx_ll_rcc.h:1479:22:LL_RCC_SetUSARTClockSource	1
../Drivers/STM32L0xx_HAL_Driver/Inc/stm32l0xx_ll_rcc.h:1782:22:LL_RCC_PLL_Enable	1
../Drivers/STM32L0xx_HAL_Driver/Inc/stm32l0xx_ll_rcc.h:1803:26:LL_RCC_PLL_IsReady	2
../Drivers/STM32L0xx_HAL_Driver/Inc/stm32l0xx_ll_rcc.h:1832:22:LL_RCC_PLL_ConfigDomain_SYS	1
../Drivers/STM32L0xx_HAL_Driver/Inc/stm32l0xx_ll_bus.h:438:22:LL_APB1_GRP1_EnableClock	1
../Drivers/STM32L0xx_HAL_Driver/Inc/stm32l0xx_ll_bus.h:784:22:LL_APB2_GRP1_EnableClock	1
../Drivers/STM32L0xx_HAL_Driver/Inc/stm32l0xx_ll_bus.h:985:22:LL_IOP_GRP1_EnableClock	1
../Drivers/STM32L0xx_HAL_Driver/Inc/stm32l0xx_ll_system.h:913:22:LL_FLASH_SetLatency	1
../Drivers/STM32L0xx_HAL_Driver/Inc/stm32l0xx_ll_system.h:925:26:LL_FLASH_GetLatency	1
../Drivers/STM32L0xx_HAL_Driver/Inc/stm32l0xx_ll_pwr.h:271:22:LL_PWR_SetRegulVoltageScaling	1
../Drivers/STM32L0xx_HAL_Driver/Inc/stm32l0xx_ll_pwr.h:678:26:LL_PWR_IsActiveFlag_VOS	1
../Drivers/STM32L0xx_HAL_Driver/Inc/stm32l0xx_ll_spi.h:365:22:LL_SPI_SetStandard	1
../Drivers/STM32L0xx_HAL_Driver/Inc/stm32l0xx_ll_tim.h:1092:22:LL_TIM_DisableARRPreload	1
../Drivers/STM32L0xx_HAL_Driver/Inc/stm32l0xx_ll_tim.h:1502:22:LL_TIM_OC_DisableFast	4
../Drivers/STM32L0xx_HAL_Driver/Inc/stm32l0xx_ll_tim.h:1546:22:LL_TIM_OC_EnablePreload	4
../Drivers/STM32L0xx_HAL_Driver/Inc/stm32l0xx_ll_tim.h:2219:22:LL_TIM_SetClockSource	1
../Drivers/STM32L0xx_HAL_Driver/Inc/stm32l0xx_ll_tim.h:2265:22:LL_TIM_SetTriggerOutput	1
../Drivers/STM32L0xx_HAL_Driver/Inc/stm32l0xx_ll_tim.h:2331:22:LL_TIM_DisableMasterSlaveMode	1
../Drivers/STM32L0xx_HAL_Driver/Inc/stm32l0xx_ll_usart.h:541:22:LL_USART_Enable	1
../Drivers/STM32L0xx_HAL_Driver/Inc/stm32l0xx_ll_usart.h:2293:22:LL_USART_ConfigAsyncMode	1
../Drivers/STM32L0xx_HAL_Driver/Inc/stm32l0xx_ll_gpio.h:872:22:LL_GPIO_ResetOutputPin	1
../Core/Src/main.c:69:5:main	1
../Core/Src/main.c:123:6:SystemClock_Config	6
../Core/Src/main.c:171:13:MX_ADC_Init	2
../Core/Src/main.c:248:13:MX_SPI1_Init	1
../Core/Src/main.c:310:13:MX_TIM2_Init	1
../Core/Src/main.c:366:13:MX_TIM21_Init	1
../Core/Src/main.c:405:13:MX_USART2_UART_Init	1
../Core/Src/main.c:464:13:MX_GPIO_Init	1
../Core/Src/main.c:507:6:Error_Handler	1
