../Drivers/STM32L0xx_HAL_Driver/Inc/stm32l0xx_ll_tim.h:2568:22:LL_TIM_ClearFlag_UPDATE	16	static
../Drivers/STM32L0xx_HAL_Driver/Inc/stm32l0xx_ll_tim.h:2579:26:LL_TIM_IsActiveFlag_UPDATE	16	static
../Core/Src/stm32l0xx_it.c:69:6:NMI_Handler	8	static
../Core/Src/stm32l0xx_it.c:84:6:HardFault_Handler	8	static
../Core/Src/stm32l0xx_it.c:99:6:SVC_Handler	8	static
../Core/Src/stm32l0xx_it.c:112:6:PendSV_Handler	8	static
../Core/Src/stm32l0xx_it.c:125:6:SysTick_Handler	8	static
../Core/Src/stm32l0xx_it.c:146:6:TIM21_IRQHandler	8	static
